// Jest Snapshot v1, https://goo.gl/fbAQLP

exports[`Home When Home is mounted renders correctly 1`] = `
<View
  style={
    Array [
      Object {
        "backgroundColor": "#fff",
        "flexBasis": 0,
        "flexGrow": 1,
        "flexShrink": 1,
      },
    ]
  }
>
  <View>
    InputCreateItem
    TodoList
  </View>
</View>
`;
