// Jest Snapshot v1, https://goo.gl/fbAQLP

exports[`TodoItem When TodoList is mounted renders correctly 1`] = `
<View
  style={
    Array [
      Object {
        "alignItems": "center",
        "backgroundColor": "#dcdcdc",
        "borderRadius": 5,
        "display": "flex",
        "flexDirection": "row",
        "height": 80,
        "marginBottom": 10,
        "marginLeft": 10,
        "marginRight": 10,
        "marginTop": 10,
      },
    ]
  }
>
  <Image
    source={
      Object {
        "uri": "https://reactnative.dev/img/tiny_logo.png",
      }
    }
    style={
      Array [
        Object {
          "height": 50,
          "marginBottom": 0,
          "marginLeft": 10,
          "marginRight": 10,
          "marginTop": 0,
          "width": 50,
        },
      ]
    }
  />
  <Text />
</View>
`;
