// Jest Snapshot v1, https://goo.gl/fbAQLP

exports[`TodoList When TodoList is mounted renders correctly 1`] = `
<View
  style={
    Array [
      Object {
        "backgroundColor": "#ebebef",
        "width": "100%",
      },
    ]
  }
>
  <RCTScrollView
    data={
      Array [
        Object {
          "id": "id-1",
          "name": "Todo-1",
        },
        Object {
          "id": "id-2",
          "name": "Todo-2",
        },
        Object {
          "id": "id-3",
          "name": "Todo-3",
        },
      ]
    }
    disableVirtualization={false}
    getItem={[Function]}
    getItemCount={[Function]}
    horizontal={false}
    initialNumToRender={10}
    keyExtractor={[Function]}
    maxToRenderPerBatch={10}
    onContentSizeChange={[Function]}
    onEndReached={[Function]}
    onEndReachedThreshold={0.5}
    onLayout={[Function]}
    onMomentumScrollEnd={[Function]}
    onScroll={[Function]}
    onScrollBeginDrag={[Function]}
    onScrollEndDrag={[Function]}
    removeClippedSubviews={false}
    renderItem={[Function]}
    scrollEventThrottle={50}
    stickyHeaderIndices={Array []}
    updateCellsBatchingPeriod={50}
    viewabilityConfigCallbackPairs={Array []}
    windowSize={21}
  >
    <View>
      <View
        onLayout={[Function]}
        style={null}
      />
      <View
        onLayout={[Function]}
        style={null}
      />
      <View
        onLayout={[Function]}
        style={null}
      />
    </View>
  </RCTScrollView>
</View>
`;
